// Vitest Snapshot v1, https://vitest.dev/guide/snapshot.html

exports[`<Header /> > renders as expected 1`] = `
<body>
  <div>
    <header
      class="css-0"
    >
      <nav
        class="d_flex border-bottom-width_2px border-b_blue.500 border-bottom-style_solid items_center justify_space-between w_100% py_4 px_2 css-k008qs"
      >
        <div
          class="d_flex gap_2 items_center justify_start css-0"
        >
          <div
            class="home-logo"
          >
            <img
              alt="flump logo"
              height="50"
              src="/public/images/flump_logo.png"
              width="50"
            />
          </div>
          <div
            class="css-0"
          >
            <div
              class="chakra-button__group css-qul7w4"
              data-orientation="horizontal"
              role="group"
            >
              Home
              About
              Contact
            </div>
          </div>
        </div>
        <div
          class="d_flex gap_2 items_center justify_end css-0"
        >
          <div
            class="chakra-button__group css-1ind3v2"
            data-orientation="horizontal"
            role="group"
          >
            signUp
            logIn
          </div>
          <div>
            ColorModeSwitch
          </div>
        </div>
      </nav>
    </header>
  </div>
</body>
`;
