// Vitest Snapshot v1, https://vitest.dev/guide/snapshot.html

exports[`<SignUp /> > should render as expected 1`] = `
<div>
  bound HTMLFormElement {
    "0": <input
      class="chakra-input css-0"
      id="Email:"
      name="email"
      type="email"
      value=""
    />,
    "1": <input
      class="chakra-input css-0"
      id="Password:"
      name="password"
      type="password"
      value=""
    />,
    "2": <button
      class="chakra-button css-1ltlu47"
      disabled=""
      type="submit"
    >
      signUp
    </button>,
  }
</div>
`;
