// Vitest Snapshot v1, https://vitest.dev/guide/snapshot.html

exports[`<AccountDetailContainer /> > should add new years when buttons are clicked > with new years added 1`] = `
<body>
  <div>
    <div
      class="d_flex flex-d_column gap_40px"
    >
      <div
        class="d_flex flex-d_row jc_space-between ai_center"
      >
        <div
          class="d_flex flex-d_column"
        >
          <h2
            class="c_primary fs_0.875rem fw_bold lh_tight m_0 "
          >
            CURRENT
          </h2>
          <h1
            class="c_primary fs_1.5rem fw_bold lh_tight m_0 "
          >
            My current account
          </h1>
        </div>
        <div>
          <button
            class="d_inline-flex ai_center jc_center bdr_full fw_medium trs_all_0.2s cursor_pointer px_6 py_3 fs_sm lh_1 disabled:op_0.5 disabled:cursor_not-allowed focusVisible:ring_2px_solid focusVisible:ring-c_primary focusVisible:ring-o_2px bg_background c_text.primary bd_1px_solid bd-c_border hover:bg_accent hover:c_accent.foreground"
          >
            edit
          </button>
        </div>
      </div>
      <div
        class="d_flex flex-d_column gap_20px ov_auto"
      >
        <div
          class="d_flex flex-d_row ai_center gap_12px"
        >
          <h3
            class="c_primary fs_1.25rem fw_bold lh_tight m_0 "
          >
            2021
          </h3>
          <button
            class="d_inline-flex ai_center jc_center bdr_full fw_medium trs_all_0.2s cursor_pointer px_4 py_2 fs_xs lh_1 disabled:op_0.5 disabled:cursor_not-allowed focusVisible:ring_2px_solid focusVisible:ring-c_primary focusVisible:ring-o_2px bg_transparent c_text.primary hover:bg_accent hover:c_accent.foreground"
          >
            deleteYear
          </button>
        </div>
        <div
          class="d_flex flex-d_row gap_5"
        >
          <div>
            <p
              class="fs_md fw_normal lh_normal ls_normal m_0 "
            >
              January
            </p>
            <p
              class="fs_md fw_normal lh_normal ls_normal m_0 "
            >
              £1,000
            </p>
          </div>
          <div>
            <p
              class="fs_md fw_normal lh_normal ls_normal m_0 "
            >
              February
            </p>
            <p
              class="fs_md fw_normal lh_normal ls_normal m_0 "
            >
              £1,000
            </p>
          </div>
          <div>
            <p
              class="fs_md fw_normal lh_normal ls_normal m_0 "
            >
              March
            </p>
            <p
              class="fs_md fw_normal lh_normal ls_normal m_0 "
            >
              £1,000
            </p>
          </div>
          <div>
            <p
              class="fs_md fw_normal lh_normal ls_normal m_0 "
            >
              April
            </p>
            <p
              class="fs_md fw_normal lh_normal ls_normal m_0 "
            >
              £1,000
            </p>
          </div>
          <div>
            <p
              class="fs_md fw_normal lh_normal ls_normal m_0 "
            >
              May
            </p>
            <p
              class="fs_md fw_normal lh_normal ls_normal m_0 "
            >
              £1,000
            </p>
          </div>
          <div>
            <p
              class="fs_md fw_normal lh_normal ls_normal m_0 "
            >
              June
            </p>
            <p
              class="fs_md fw_normal lh_normal ls_normal m_0 "
            >
              £1,000
            </p>
          </div>
          <div>
            <p
              class="fs_md fw_normal lh_normal ls_normal m_0 "
            >
              July
            </p>
            <p
              class="fs_md fw_normal lh_normal ls_normal m_0 "
            >
              £1,000
            </p>
          </div>
          <div>
            <p
              class="fs_md fw_normal lh_normal ls_normal m_0 "
            >
              August
            </p>
            <p
              class="fs_md fw_normal lh_normal ls_normal m_0 "
            >
              £1,000
            </p>
          </div>
          <div>
            <p
              class="fs_md fw_normal lh_normal ls_normal m_0 "
            >
              September
            </p>
            <p
              class="fs_md fw_normal lh_normal ls_normal m_0 "
            >
              £1,000
            </p>
          </div>
          <div>
            <p
              class="fs_md fw_normal lh_normal ls_normal m_0 "
            >
              October
            </p>
            <p
              class="fs_md fw_normal lh_normal ls_normal m_0 "
            >
              £1,000
            </p>
          </div>
          <div>
            <p
              class="fs_md fw_normal lh_normal ls_normal m_0 "
            >
              November
            </p>
            <p
              class="fs_md fw_normal lh_normal ls_normal m_0 "
            >
              £1,000
            </p>
          </div>
          <div>
            <p
              class="fs_md fw_normal lh_normal ls_normal m_0 "
            >
              December
            </p>
            <p
              class="fs_md fw_normal lh_normal ls_normal m_0 "
            >
              £1,000
            </p>
          </div>
        </div>
        <div
          class="d_flex flex-d_row ai_center gap_12px"
        >
          <h3
            class="c_primary fs_1.25rem fw_bold lh_tight m_0 "
          >
            2023
          </h3>
          <button
            class="d_inline-flex ai_center jc_center bdr_full fw_medium trs_all_0.2s cursor_pointer px_4 py_2 fs_xs lh_1 disabled:op_0.5 disabled:cursor_not-allowed focusVisible:ring_2px_solid focusVisible:ring-c_primary focusVisible:ring-o_2px bg_transparent c_text.primary hover:bg_accent hover:c_accent.foreground"
          >
            deleteYear
          </button>
        </div>
        <div
          class="d_flex flex-d_row gap_5"
        >
          <div>
            <p
              class="fs_md fw_normal lh_normal ls_normal m_0 "
            >
              January
            </p>
            <p
              class="fs_md fw_normal lh_normal ls_normal m_0 "
            >
              £1,000
            </p>
          </div>
          <div>
            <p
              class="fs_md fw_normal lh_normal ls_normal m_0 "
            >
              February
            </p>
            <p
              class="fs_md fw_normal lh_normal ls_normal m_0 "
            >
              £1,000
            </p>
          </div>
          <div>
            <p
              class="fs_md fw_normal lh_normal ls_normal m_0 "
            >
              March
            </p>
            <p
              class="fs_md fw_normal lh_normal ls_normal m_0 "
            >
              £1,000
            </p>
          </div>
          <div>
            <p
              class="fs_md fw_normal lh_normal ls_normal m_0 "
            >
              April
            </p>
            <p
              class="fs_md fw_normal lh_normal ls_normal m_0 "
            >
              £1,000
            </p>
          </div>
          <div>
            <p
              class="fs_md fw_normal lh_normal ls_normal m_0 "
            >
              May
            </p>
            <p
              class="fs_md fw_normal lh_normal ls_normal m_0 "
            >
              £1,000
            </p>
          </div>
          <div>
            <p
              class="fs_md fw_normal lh_normal ls_normal m_0 "
            >
              June
            </p>
            <p
              class="fs_md fw_normal lh_normal ls_normal m_0 "
            >
              £1,000
            </p>
          </div>
          <div>
            <p
              class="fs_md fw_normal lh_normal ls_normal m_0 "
            >
              July
            </p>
            <p
              class="fs_md fw_normal lh_normal ls_normal m_0 "
            >
              £1,000
            </p>
          </div>
          <div>
            <p
              class="fs_md fw_normal lh_normal ls_normal m_0 "
            >
              August
            </p>
            <p
              class="fs_md fw_normal lh_normal ls_normal m_0 "
            >
              £1,000
            </p>
          </div>
          <div>
            <p
              class="fs_md fw_normal lh_normal ls_normal m_0 "
            >
              September
            </p>
            <p
              class="fs_md fw_normal lh_normal ls_normal m_0 "
            >
              £1,000
            </p>
          </div>
          <div>
            <p
              class="fs_md fw_normal lh_normal ls_normal m_0 "
            >
              October
            </p>
            <p
              class="fs_md fw_normal lh_normal ls_normal m_0 "
            >
              £1,000
            </p>
          </div>
          <div>
            <p
              class="fs_md fw_normal lh_normal ls_normal m_0 "
            >
              November
            </p>
            <p
              class="fs_md fw_normal lh_normal ls_normal m_0 "
            >
              £1,000
            </p>
          </div>
          <div>
            <p
              class="fs_md fw_normal lh_normal ls_normal m_0 "
            >
              December
            </p>
            <p
              class="fs_md fw_normal lh_normal ls_normal m_0 "
            >
              £1,000
            </p>
          </div>
        </div>
      </div>
      <div
        class="d_flex flex-d_row gap_12px"
      >
        <button
          class="d_inline-flex ai_center jc_center bdr_full fw_medium trs_all_0.2s cursor_pointer px_4 py_2 fs_xs lh_1 disabled:op_0.5 disabled:cursor_not-allowed focusVisible:ring_2px_solid focusVisible:ring-c_primary focusVisible:ring-o_2px bg_background c_text.primary bd_1px_solid bd-c_border hover:bg_accent hover:c_accent.foreground"
        >
          addPrevYear
        </button>
        <button
          class="d_inline-flex ai_center jc_center bdr_full fw_medium trs_all_0.2s cursor_pointer px_4 py_2 fs_xs lh_1 disabled:op_0.5 disabled:cursor_not-allowed focusVisible:ring_2px_solid focusVisible:ring-c_primary focusVisible:ring-o_2px bg_background c_text.primary bd_1px_solid bd-c_border hover:bg_accent hover:c_accent.foreground"
        >
          addNextYear
        </button>
      </div>
    </div>
  </div>
</body>
`;

exports[`<AccountDetailContainer /> > should render 1`] = `
<body>
  <div>
    <div
      class="d_flex flex-d_column gap_40px"
    >
      <div
        class="d_flex flex-d_row jc_space-between ai_center"
      >
        <div
          class="d_flex flex-d_column"
        >
          <h2
            class="c_primary fs_0.875rem fw_bold lh_tight m_0 "
          >
            CURRENT
          </h2>
          <h1
            class="c_primary fs_1.5rem fw_bold lh_tight m_0 "
          >
            My current account
          </h1>
        </div>
        <div>
          <button
            class="d_inline-flex ai_center jc_center bdr_full fw_medium trs_all_0.2s cursor_pointer px_6 py_3 fs_sm lh_1 disabled:op_0.5 disabled:cursor_not-allowed focusVisible:ring_2px_solid focusVisible:ring-c_primary focusVisible:ring-o_2px bg_background c_text.primary bd_1px_solid bd-c_border hover:bg_accent hover:c_accent.foreground"
          >
            edit
          </button>
        </div>
      </div>
      <div
        class="d_flex flex-d_column gap_20px ov_auto"
      >
        <div
          class="d_flex flex-d_row ai_center gap_12px"
        >
          <h3
            class="c_primary fs_1.25rem fw_bold lh_tight m_0 "
          >
            2021
          </h3>
          <button
            class="d_inline-flex ai_center jc_center bdr_full fw_medium trs_all_0.2s cursor_pointer px_4 py_2 fs_xs lh_1 disabled:op_0.5 disabled:cursor_not-allowed focusVisible:ring_2px_solid focusVisible:ring-c_primary focusVisible:ring-o_2px bg_transparent c_text.primary hover:bg_accent hover:c_accent.foreground"
          >
            deleteYear
          </button>
        </div>
        <div
          class="d_flex flex-d_row gap_5"
        >
          <div>
            <p
              class="fs_md fw_normal lh_normal ls_normal m_0 "
            >
              January
            </p>
            <p
              class="fs_md fw_normal lh_normal ls_normal m_0 "
            >
              £1,000
            </p>
          </div>
          <div>
            <p
              class="fs_md fw_normal lh_normal ls_normal m_0 "
            >
              February
            </p>
            <p
              class="fs_md fw_normal lh_normal ls_normal m_0 "
            >
              £1,000
            </p>
          </div>
          <div>
            <p
              class="fs_md fw_normal lh_normal ls_normal m_0 "
            >
              March
            </p>
            <p
              class="fs_md fw_normal lh_normal ls_normal m_0 "
            >
              £1,000
            </p>
          </div>
          <div>
            <p
              class="fs_md fw_normal lh_normal ls_normal m_0 "
            >
              April
            </p>
            <p
              class="fs_md fw_normal lh_normal ls_normal m_0 "
            >
              £1,000
            </p>
          </div>
          <div>
            <p
              class="fs_md fw_normal lh_normal ls_normal m_0 "
            >
              May
            </p>
            <p
              class="fs_md fw_normal lh_normal ls_normal m_0 "
            >
              £1,000
            </p>
          </div>
          <div>
            <p
              class="fs_md fw_normal lh_normal ls_normal m_0 "
            >
              June
            </p>
            <p
              class="fs_md fw_normal lh_normal ls_normal m_0 "
            >
              £1,000
            </p>
          </div>
          <div>
            <p
              class="fs_md fw_normal lh_normal ls_normal m_0 "
            >
              July
            </p>
            <p
              class="fs_md fw_normal lh_normal ls_normal m_0 "
            >
              £1,000
            </p>
          </div>
          <div>
            <p
              class="fs_md fw_normal lh_normal ls_normal m_0 "
            >
              August
            </p>
            <p
              class="fs_md fw_normal lh_normal ls_normal m_0 "
            >
              £1,000
            </p>
          </div>
          <div>
            <p
              class="fs_md fw_normal lh_normal ls_normal m_0 "
            >
              September
            </p>
            <p
              class="fs_md fw_normal lh_normal ls_normal m_0 "
            >
              £1,000
            </p>
          </div>
          <div>
            <p
              class="fs_md fw_normal lh_normal ls_normal m_0 "
            >
              October
            </p>
            <p
              class="fs_md fw_normal lh_normal ls_normal m_0 "
            >
              £1,000
            </p>
          </div>
          <div>
            <p
              class="fs_md fw_normal lh_normal ls_normal m_0 "
            >
              November
            </p>
            <p
              class="fs_md fw_normal lh_normal ls_normal m_0 "
            >
              £1,000
            </p>
          </div>
          <div>
            <p
              class="fs_md fw_normal lh_normal ls_normal m_0 "
            >
              December
            </p>
            <p
              class="fs_md fw_normal lh_normal ls_normal m_0 "
            >
              £1,000
            </p>
          </div>
        </div>
        <div
          class="d_flex flex-d_row ai_center gap_12px"
        >
          <h3
            class="c_primary fs_1.25rem fw_bold lh_tight m_0 "
          >
            2023
          </h3>
          <button
            class="d_inline-flex ai_center jc_center bdr_full fw_medium trs_all_0.2s cursor_pointer px_4 py_2 fs_xs lh_1 disabled:op_0.5 disabled:cursor_not-allowed focusVisible:ring_2px_solid focusVisible:ring-c_primary focusVisible:ring-o_2px bg_transparent c_text.primary hover:bg_accent hover:c_accent.foreground"
          >
            deleteYear
          </button>
        </div>
        <div
          class="d_flex flex-d_row gap_5"
        >
          <div>
            <p
              class="fs_md fw_normal lh_normal ls_normal m_0 "
            >
              January
            </p>
            <p
              class="fs_md fw_normal lh_normal ls_normal m_0 "
            >
              £1,000
            </p>
          </div>
          <div>
            <p
              class="fs_md fw_normal lh_normal ls_normal m_0 "
            >
              February
            </p>
            <p
              class="fs_md fw_normal lh_normal ls_normal m_0 "
            >
              £1,000
            </p>
          </div>
          <div>
            <p
              class="fs_md fw_normal lh_normal ls_normal m_0 "
            >
              March
            </p>
            <p
              class="fs_md fw_normal lh_normal ls_normal m_0 "
            >
              £1,000
            </p>
          </div>
          <div>
            <p
              class="fs_md fw_normal lh_normal ls_normal m_0 "
            >
              April
            </p>
            <p
              class="fs_md fw_normal lh_normal ls_normal m_0 "
            >
              £1,000
            </p>
          </div>
          <div>
            <p
              class="fs_md fw_normal lh_normal ls_normal m_0 "
            >
              May
            </p>
            <p
              class="fs_md fw_normal lh_normal ls_normal m_0 "
            >
              £1,000
            </p>
          </div>
          <div>
            <p
              class="fs_md fw_normal lh_normal ls_normal m_0 "
            >
              June
            </p>
            <p
              class="fs_md fw_normal lh_normal ls_normal m_0 "
            >
              £1,000
            </p>
          </div>
          <div>
            <p
              class="fs_md fw_normal lh_normal ls_normal m_0 "
            >
              July
            </p>
            <p
              class="fs_md fw_normal lh_normal ls_normal m_0 "
            >
              £1,000
            </p>
          </div>
          <div>
            <p
              class="fs_md fw_normal lh_normal ls_normal m_0 "
            >
              August
            </p>
            <p
              class="fs_md fw_normal lh_normal ls_normal m_0 "
            >
              £1,000
            </p>
          </div>
          <div>
            <p
              class="fs_md fw_normal lh_normal ls_normal m_0 "
            >
              September
            </p>
            <p
              class="fs_md fw_normal lh_normal ls_normal m_0 "
            >
              £1,000
            </p>
          </div>
          <div>
            <p
              class="fs_md fw_normal lh_normal ls_normal m_0 "
            >
              October
            </p>
            <p
              class="fs_md fw_normal lh_normal ls_normal m_0 "
            >
              £1,000
            </p>
          </div>
          <div>
            <p
              class="fs_md fw_normal lh_normal ls_normal m_0 "
            >
              November
            </p>
            <p
              class="fs_md fw_normal lh_normal ls_normal m_0 "
            >
              £1,000
            </p>
          </div>
          <div>
            <p
              class="fs_md fw_normal lh_normal ls_normal m_0 "
            >
              December
            </p>
            <p
              class="fs_md fw_normal lh_normal ls_normal m_0 "
            >
              £1,000
            </p>
          </div>
        </div>
      </div>
      <div
        class="d_flex flex-d_row gap_12px"
      >
        <button
          class="d_inline-flex ai_center jc_center bdr_full fw_medium trs_all_0.2s cursor_pointer px_4 py_2 fs_xs lh_1 disabled:op_0.5 disabled:cursor_not-allowed focusVisible:ring_2px_solid focusVisible:ring-c_primary focusVisible:ring-o_2px bg_background c_text.primary bd_1px_solid bd-c_border hover:bg_accent hover:c_accent.foreground"
        >
          addPrevYear
        </button>
        <button
          class="d_inline-flex ai_center jc_center bdr_full fw_medium trs_all_0.2s cursor_pointer px_4 py_2 fs_xs lh_1 disabled:op_0.5 disabled:cursor_not-allowed focusVisible:ring_2px_solid focusVisible:ring-c_primary focusVisible:ring-o_2px bg_background c_text.primary bd_1px_solid bd-c_border hover:bg_accent hover:c_accent.foreground"
        >
          addNextYear
        </button>
      </div>
    </div>
  </div>
</body>
`;

exports[`<AccountDetailContainer /> > should render add current year button and add current year when clicked > with current year added 1`] = `
<body>
  <div>
    <div
      class="d_flex flex-d_column gap_40px"
    >
      <div
        class="d_flex flex-d_row jc_space-between ai_center"
      >
        <div
          class="d_flex flex-d_column"
        >
          <h2
            class="c_primary fs_0.875rem fw_bold lh_tight m_0 "
          >
            CURRENT
          </h2>
          <h1
            class="c_primary fs_1.5rem fw_bold lh_tight m_0 "
          >
            My current account
          </h1>
        </div>
        <div>
          <button
            class="d_inline-flex ai_center jc_center bdr_full fw_medium trs_all_0.2s cursor_pointer px_6 py_3 fs_sm lh_1 disabled:op_0.5 disabled:cursor_not-allowed focusVisible:ring_2px_solid focusVisible:ring-c_primary focusVisible:ring-o_2px bg_background c_text.primary bd_1px_solid bd-c_border hover:bg_accent hover:c_accent.foreground"
          >
            edit
          </button>
        </div>
      </div>
      <div
        class="d_flex flex-d_column gap_20px ov_auto"
      >
        <div
          class="d_flex flex-d_row ai_center gap_12px"
        >
          <h3
            class="c_primary fs_1.25rem fw_bold lh_tight m_0 "
          >
            2021
          </h3>
          <button
            class="d_inline-flex ai_center jc_center bdr_full fw_medium trs_all_0.2s cursor_pointer px_4 py_2 fs_xs lh_1 disabled:op_0.5 disabled:cursor_not-allowed focusVisible:ring_2px_solid focusVisible:ring-c_primary focusVisible:ring-o_2px bg_transparent c_text.primary hover:bg_accent hover:c_accent.foreground"
          >
            deleteYear
          </button>
        </div>
        <div
          class="d_flex flex-d_row gap_5"
        >
          <div>
            <p
              class="fs_md fw_normal lh_normal ls_normal m_0 "
            >
              January
            </p>
            <p
              class="fs_md fw_normal lh_normal ls_normal m_0 "
            >
              £1,000
            </p>
          </div>
          <div>
            <p
              class="fs_md fw_normal lh_normal ls_normal m_0 "
            >
              February
            </p>
            <p
              class="fs_md fw_normal lh_normal ls_normal m_0 "
            >
              £1,000
            </p>
          </div>
          <div>
            <p
              class="fs_md fw_normal lh_normal ls_normal m_0 "
            >
              March
            </p>
            <p
              class="fs_md fw_normal lh_normal ls_normal m_0 "
            >
              £1,000
            </p>
          </div>
          <div>
            <p
              class="fs_md fw_normal lh_normal ls_normal m_0 "
            >
              April
            </p>
            <p
              class="fs_md fw_normal lh_normal ls_normal m_0 "
            >
              £1,000
            </p>
          </div>
          <div>
            <p
              class="fs_md fw_normal lh_normal ls_normal m_0 "
            >
              May
            </p>
            <p
              class="fs_md fw_normal lh_normal ls_normal m_0 "
            >
              £1,000
            </p>
          </div>
          <div>
            <p
              class="fs_md fw_normal lh_normal ls_normal m_0 "
            >
              June
            </p>
            <p
              class="fs_md fw_normal lh_normal ls_normal m_0 "
            >
              £1,000
            </p>
          </div>
          <div>
            <p
              class="fs_md fw_normal lh_normal ls_normal m_0 "
            >
              July
            </p>
            <p
              class="fs_md fw_normal lh_normal ls_normal m_0 "
            >
              £1,000
            </p>
          </div>
          <div>
            <p
              class="fs_md fw_normal lh_normal ls_normal m_0 "
            >
              August
            </p>
            <p
              class="fs_md fw_normal lh_normal ls_normal m_0 "
            >
              £1,000
            </p>
          </div>
          <div>
            <p
              class="fs_md fw_normal lh_normal ls_normal m_0 "
            >
              September
            </p>
            <p
              class="fs_md fw_normal lh_normal ls_normal m_0 "
            >
              £1,000
            </p>
          </div>
          <div>
            <p
              class="fs_md fw_normal lh_normal ls_normal m_0 "
            >
              October
            </p>
            <p
              class="fs_md fw_normal lh_normal ls_normal m_0 "
            >
              £1,000
            </p>
          </div>
          <div>
            <p
              class="fs_md fw_normal lh_normal ls_normal m_0 "
            >
              November
            </p>
            <p
              class="fs_md fw_normal lh_normal ls_normal m_0 "
            >
              £1,000
            </p>
          </div>
          <div>
            <p
              class="fs_md fw_normal lh_normal ls_normal m_0 "
            >
              December
            </p>
            <p
              class="fs_md fw_normal lh_normal ls_normal m_0 "
            >
              £1,000
            </p>
          </div>
        </div>
        <div
          class="d_flex flex-d_row ai_center gap_12px"
        >
          <h3
            class="c_primary fs_1.25rem fw_bold lh_tight m_0 "
          >
            2023
          </h3>
          <button
            class="d_inline-flex ai_center jc_center bdr_full fw_medium trs_all_0.2s cursor_pointer px_4 py_2 fs_xs lh_1 disabled:op_0.5 disabled:cursor_not-allowed focusVisible:ring_2px_solid focusVisible:ring-c_primary focusVisible:ring-o_2px bg_transparent c_text.primary hover:bg_accent hover:c_accent.foreground"
          >
            deleteYear
          </button>
        </div>
        <div
          class="d_flex flex-d_row gap_5"
        >
          <div>
            <p
              class="fs_md fw_normal lh_normal ls_normal m_0 "
            >
              January
            </p>
            <p
              class="fs_md fw_normal lh_normal ls_normal m_0 "
            >
              £1,000
            </p>
          </div>
          <div>
            <p
              class="fs_md fw_normal lh_normal ls_normal m_0 "
            >
              February
            </p>
            <p
              class="fs_md fw_normal lh_normal ls_normal m_0 "
            >
              £1,000
            </p>
          </div>
          <div>
            <p
              class="fs_md fw_normal lh_normal ls_normal m_0 "
            >
              March
            </p>
            <p
              class="fs_md fw_normal lh_normal ls_normal m_0 "
            >
              £1,000
            </p>
          </div>
          <div>
            <p
              class="fs_md fw_normal lh_normal ls_normal m_0 "
            >
              April
            </p>
            <p
              class="fs_md fw_normal lh_normal ls_normal m_0 "
            >
              £1,000
            </p>
          </div>
          <div>
            <p
              class="fs_md fw_normal lh_normal ls_normal m_0 "
            >
              May
            </p>
            <p
              class="fs_md fw_normal lh_normal ls_normal m_0 "
            >
              £1,000
            </p>
          </div>
          <div>
            <p
              class="fs_md fw_normal lh_normal ls_normal m_0 "
            >
              June
            </p>
            <p
              class="fs_md fw_normal lh_normal ls_normal m_0 "
            >
              £1,000
            </p>
          </div>
          <div>
            <p
              class="fs_md fw_normal lh_normal ls_normal m_0 "
            >
              July
            </p>
            <p
              class="fs_md fw_normal lh_normal ls_normal m_0 "
            >
              £1,000
            </p>
          </div>
          <div>
            <p
              class="fs_md fw_normal lh_normal ls_normal m_0 "
            >
              August
            </p>
            <p
              class="fs_md fw_normal lh_normal ls_normal m_0 "
            >
              £1,000
            </p>
          </div>
          <div>
            <p
              class="fs_md fw_normal lh_normal ls_normal m_0 "
            >
              September
            </p>
            <p
              class="fs_md fw_normal lh_normal ls_normal m_0 "
            >
              £1,000
            </p>
          </div>
          <div>
            <p
              class="fs_md fw_normal lh_normal ls_normal m_0 "
            >
              October
            </p>
            <p
              class="fs_md fw_normal lh_normal ls_normal m_0 "
            >
              £1,000
            </p>
          </div>
          <div>
            <p
              class="fs_md fw_normal lh_normal ls_normal m_0 "
            >
              November
            </p>
            <p
              class="fs_md fw_normal lh_normal ls_normal m_0 "
            >
              £1,000
            </p>
          </div>
          <div>
            <p
              class="fs_md fw_normal lh_normal ls_normal m_0 "
            >
              December
            </p>
            <p
              class="fs_md fw_normal lh_normal ls_normal m_0 "
            >
              £1,000
            </p>
          </div>
        </div>
      </div>
      <div
        class="d_flex flex-d_row gap_12px"
      >
        <button
          class="d_inline-flex ai_center jc_center bdr_full fw_medium trs_all_0.2s cursor_pointer px_4 py_2 fs_xs lh_1 disabled:op_0.5 disabled:cursor_not-allowed focusVisible:ring_2px_solid focusVisible:ring-c_primary focusVisible:ring-o_2px bg_background c_text.primary bd_1px_solid bd-c_border hover:bg_accent hover:c_accent.foreground"
        >
          addCurrentYear
        </button>
      </div>
    </div>
  </div>
</body>
`;

exports[`<AccountDetailContainer /> > should toggle edit mode when button is clicked, changed value and save new value > with edit mode enabled 1`] = `
<body>
  <div>
    <div
      class="d_flex flex-d_column gap_40px"
    >
      <div
        class="d_flex flex-d_row jc_space-between ai_center"
      >
        <div
          class="d_flex flex-d_column"
        >
          <h2
            class="c_primary fs_0.875rem fw_bold lh_tight m_0 "
          >
            CURRENT
          </h2>
          <h1
            class="c_primary fs_1.5rem fw_bold lh_tight m_0 "
          >
            My current account
          </h1>
        </div>
        <div>
          <button
            class="d_inline-flex ai_center jc_center bdr_full fw_medium trs_all_0.2s cursor_pointer px_6 py_3 fs_sm lh_1 disabled:op_0.5 disabled:cursor_not-allowed focusVisible:ring_2px_solid focusVisible:ring-c_primary focusVisible:ring-o_2px bg_background c_text.primary bd_1px_solid bd-c_border hover:bg_accent hover:c_accent.foreground"
          >
            save
          </button>
        </div>
      </div>
      <div
        class="d_flex flex-d_column gap_20px ov_auto"
      >
        <div
          class="d_flex flex-d_row ai_center gap_12px"
        >
          <h3
            class="c_primary fs_1.25rem fw_bold lh_tight m_0 "
          >
            2021
          </h3>
          <button
            class="d_inline-flex ai_center jc_center bdr_full fw_medium trs_all_0.2s cursor_pointer px_4 py_2 fs_xs lh_1 disabled:op_0.5 disabled:cursor_not-allowed focusVisible:ring_2px_solid focusVisible:ring-c_primary focusVisible:ring-o_2px bg_transparent c_text.primary hover:bg_accent hover:c_accent.foreground"
          >
            deleteYear
          </button>
        </div>
        <div
          class="d_flex flex-d_row gap_5"
        >
          <div>
            <p
              class="fs_md fw_normal lh_normal ls_normal m_0 "
            >
              January
            </p>
            <div
              class="d_flex flex-d_column ai_stretch gap_8px w_100%"
            >
              <div
                style="flex-grow: 1; flex-shrink: 1; flex-basis: 0%;"
              >
                <input
                  class="w_100% p_10px_14px fs_sm bdr_sm bd_1px_solid bd-c_border bg-c_transparent c_text.primary ring_none trs_all_0.2s focus:bd-c_primary focus:bx-sh_0_0_0_1px_token(colors.primary) disabled:op_0.5 disabled:cursor_not-allowed "
                  data-month="1"
                  data-year="2021"
                  id="2021-January"
                  name="amount"
                  placeholder="0.00"
                  type="number"
                  value="1000"
                />
              </div>
            </div>
          </div>
          <div>
            <p
              class="fs_md fw_normal lh_normal ls_normal m_0 "
            >
              February
            </p>
            <div
              class="d_flex flex-d_column ai_stretch gap_8px w_100%"
            >
              <div
                style="flex-grow: 1; flex-shrink: 1; flex-basis: 0%;"
              >
                <input
                  class="w_100% p_10px_14px fs_sm bdr_sm bd_1px_solid bd-c_border bg-c_transparent c_text.primary ring_none trs_all_0.2s focus:bd-c_primary focus:bx-sh_0_0_0_1px_token(colors.primary) disabled:op_0.5 disabled:cursor_not-allowed "
                  data-month="2"
                  data-year="2021"
                  id="2021-February"
                  name="amount"
                  placeholder="0.00"
                  type="number"
                  value="1000"
                />
              </div>
            </div>
          </div>
          <div>
            <p
              class="fs_md fw_normal lh_normal ls_normal m_0 "
            >
              March
            </p>
            <div
              class="d_flex flex-d_column ai_stretch gap_8px w_100%"
            >
              <div
                style="flex-grow: 1; flex-shrink: 1; flex-basis: 0%;"
              >
                <input
                  class="w_100% p_10px_14px fs_sm bdr_sm bd_1px_solid bd-c_border bg-c_transparent c_text.primary ring_none trs_all_0.2s focus:bd-c_primary focus:bx-sh_0_0_0_1px_token(colors.primary) disabled:op_0.5 disabled:cursor_not-allowed "
                  data-month="3"
                  data-year="2021"
                  id="2021-March"
                  name="amount"
                  placeholder="0.00"
                  type="number"
                  value="1000"
                />
              </div>
            </div>
          </div>
          <div>
            <p
              class="fs_md fw_normal lh_normal ls_normal m_0 "
            >
              April
            </p>
            <div
              class="d_flex flex-d_column ai_stretch gap_8px w_100%"
            >
              <div
                style="flex-grow: 1; flex-shrink: 1; flex-basis: 0%;"
              >
                <input
                  class="w_100% p_10px_14px fs_sm bdr_sm bd_1px_solid bd-c_border bg-c_transparent c_text.primary ring_none trs_all_0.2s focus:bd-c_primary focus:bx-sh_0_0_0_1px_token(colors.primary) disabled:op_0.5 disabled:cursor_not-allowed "
                  data-month="4"
                  data-year="2021"
                  id="2021-April"
                  name="amount"
                  placeholder="0.00"
                  type="number"
                  value="1000"
                />
              </div>
            </div>
          </div>
          <div>
            <p
              class="fs_md fw_normal lh_normal ls_normal m_0 "
            >
              May
            </p>
            <div
              class="d_flex flex-d_column ai_stretch gap_8px w_100%"
            >
              <div
                style="flex-grow: 1; flex-shrink: 1; flex-basis: 0%;"
              >
                <input
                  class="w_100% p_10px_14px fs_sm bdr_sm bd_1px_solid bd-c_border bg-c_transparent c_text.primary ring_none trs_all_0.2s focus:bd-c_primary focus:bx-sh_0_0_0_1px_token(colors.primary) disabled:op_0.5 disabled:cursor_not-allowed "
                  data-month="5"
                  data-year="2021"
                  id="2021-May"
                  name="amount"
                  placeholder="0.00"
                  type="number"
                  value="1000"
                />
              </div>
            </div>
          </div>
          <div>
            <p
              class="fs_md fw_normal lh_normal ls_normal m_0 "
            >
              June
            </p>
            <div
              class="d_flex flex-d_column ai_stretch gap_8px w_100%"
            >
              <div
                style="flex-grow: 1; flex-shrink: 1; flex-basis: 0%;"
              >
                <input
                  class="w_100% p_10px_14px fs_sm bdr_sm bd_1px_solid bd-c_border bg-c_transparent c_text.primary ring_none trs_all_0.2s focus:bd-c_primary focus:bx-sh_0_0_0_1px_token(colors.primary) disabled:op_0.5 disabled:cursor_not-allowed "
                  data-month="6"
                  data-year="2021"
                  id="2021-June"
                  name="amount"
                  placeholder="0.00"
                  type="number"
                  value="1000"
                />
              </div>
            </div>
          </div>
          <div>
            <p
              class="fs_md fw_normal lh_normal ls_normal m_0 "
            >
              July
            </p>
            <div
              class="d_flex flex-d_column ai_stretch gap_8px w_100%"
            >
              <div
                style="flex-grow: 1; flex-shrink: 1; flex-basis: 0%;"
              >
                <input
                  class="w_100% p_10px_14px fs_sm bdr_sm bd_1px_solid bd-c_border bg-c_transparent c_text.primary ring_none trs_all_0.2s focus:bd-c_primary focus:bx-sh_0_0_0_1px_token(colors.primary) disabled:op_0.5 disabled:cursor_not-allowed "
                  data-month="7"
                  data-year="2021"
                  id="2021-July"
                  name="amount"
                  placeholder="0.00"
                  type="number"
                  value="1000"
                />
              </div>
            </div>
          </div>
          <div>
            <p
              class="fs_md fw_normal lh_normal ls_normal m_0 "
            >
              August
            </p>
            <div
              class="d_flex flex-d_column ai_stretch gap_8px w_100%"
            >
              <div
                style="flex-grow: 1; flex-shrink: 1; flex-basis: 0%;"
              >
                <input
                  class="w_100% p_10px_14px fs_sm bdr_sm bd_1px_solid bd-c_border bg-c_transparent c_text.primary ring_none trs_all_0.2s focus:bd-c_primary focus:bx-sh_0_0_0_1px_token(colors.primary) disabled:op_0.5 disabled:cursor_not-allowed "
                  data-month="8"
                  data-year="2021"
                  id="2021-August"
                  name="amount"
                  placeholder="0.00"
                  type="number"
                  value="1000"
                />
              </div>
            </div>
          </div>
          <div>
            <p
              class="fs_md fw_normal lh_normal ls_normal m_0 "
            >
              September
            </p>
            <div
              class="d_flex flex-d_column ai_stretch gap_8px w_100%"
            >
              <div
                style="flex-grow: 1; flex-shrink: 1; flex-basis: 0%;"
              >
                <input
                  class="w_100% p_10px_14px fs_sm bdr_sm bd_1px_solid bd-c_border bg-c_transparent c_text.primary ring_none trs_all_0.2s focus:bd-c_primary focus:bx-sh_0_0_0_1px_token(colors.primary) disabled:op_0.5 disabled:cursor_not-allowed "
                  data-month="9"
                  data-year="2021"
                  id="2021-September"
                  name="amount"
                  placeholder="0.00"
                  type="number"
                  value="1000"
                />
              </div>
            </div>
          </div>
          <div>
            <p
              class="fs_md fw_normal lh_normal ls_normal m_0 "
            >
              October
            </p>
            <div
              class="d_flex flex-d_column ai_stretch gap_8px w_100%"
            >
              <div
                style="flex-grow: 1; flex-shrink: 1; flex-basis: 0%;"
              >
                <input
                  class="w_100% p_10px_14px fs_sm bdr_sm bd_1px_solid bd-c_border bg-c_transparent c_text.primary ring_none trs_all_0.2s focus:bd-c_primary focus:bx-sh_0_0_0_1px_token(colors.primary) disabled:op_0.5 disabled:cursor_not-allowed "
                  data-month="10"
                  data-year="2021"
                  id="2021-October"
                  name="amount"
                  placeholder="0.00"
                  type="number"
                  value="1000"
                />
              </div>
            </div>
          </div>
          <div>
            <p
              class="fs_md fw_normal lh_normal ls_normal m_0 "
            >
              November
            </p>
            <div
              class="d_flex flex-d_column ai_stretch gap_8px w_100%"
            >
              <div
                style="flex-grow: 1; flex-shrink: 1; flex-basis: 0%;"
              >
                <input
                  class="w_100% p_10px_14px fs_sm bdr_sm bd_1px_solid bd-c_border bg-c_transparent c_text.primary ring_none trs_all_0.2s focus:bd-c_primary focus:bx-sh_0_0_0_1px_token(colors.primary) disabled:op_0.5 disabled:cursor_not-allowed "
                  data-month="11"
                  data-year="2021"
                  id="2021-November"
                  name="amount"
                  placeholder="0.00"
                  type="number"
                  value="1000"
                />
              </div>
            </div>
          </div>
          <div>
            <p
              class="fs_md fw_normal lh_normal ls_normal m_0 "
            >
              December
            </p>
            <div
              class="d_flex flex-d_column ai_stretch gap_8px w_100%"
            >
              <div
                style="flex-grow: 1; flex-shrink: 1; flex-basis: 0%;"
              >
                <input
                  class="w_100% p_10px_14px fs_sm bdr_sm bd_1px_solid bd-c_border bg-c_transparent c_text.primary ring_none trs_all_0.2s focus:bd-c_primary focus:bx-sh_0_0_0_1px_token(colors.primary) disabled:op_0.5 disabled:cursor_not-allowed "
                  data-month="12"
                  data-year="2021"
                  id="2021-December"
                  name="amount"
                  placeholder="0.00"
                  type="number"
                  value="1000"
                />
              </div>
            </div>
          </div>
        </div>
        <div
          class="d_flex flex-d_row ai_center gap_12px"
        >
          <h3
            class="c_primary fs_1.25rem fw_bold lh_tight m_0 "
          >
            2023
          </h3>
          <button
            class="d_inline-flex ai_center jc_center bdr_full fw_medium trs_all_0.2s cursor_pointer px_4 py_2 fs_xs lh_1 disabled:op_0.5 disabled:cursor_not-allowed focusVisible:ring_2px_solid focusVisible:ring-c_primary focusVisible:ring-o_2px bg_transparent c_text.primary hover:bg_accent hover:c_accent.foreground"
          >
            deleteYear
          </button>
        </div>
        <div
          class="d_flex flex-d_row gap_5"
        >
          <div>
            <p
              class="fs_md fw_normal lh_normal ls_normal m_0 "
            >
              January
            </p>
            <div
              class="d_flex flex-d_column ai_stretch gap_8px w_100%"
            >
              <div
                style="flex-grow: 1; flex-shrink: 1; flex-basis: 0%;"
              >
                <input
                  class="w_100% p_10px_14px fs_sm bdr_sm bd_1px_solid bd-c_border bg-c_transparent c_text.primary ring_none trs_all_0.2s focus:bd-c_primary focus:bx-sh_0_0_0_1px_token(colors.primary) disabled:op_0.5 disabled:cursor_not-allowed "
                  data-month="1"
                  data-year="2023"
                  id="2023-January"
                  name="amount"
                  placeholder="0.00"
                  type="number"
                  value="1000"
                />
              </div>
            </div>
          </div>
          <div>
            <p
              class="fs_md fw_normal lh_normal ls_normal m_0 "
            >
              February
            </p>
            <div
              class="d_flex flex-d_column ai_stretch gap_8px w_100%"
            >
              <div
                style="flex-grow: 1; flex-shrink: 1; flex-basis: 0%;"
              >
                <input
                  class="w_100% p_10px_14px fs_sm bdr_sm bd_1px_solid bd-c_border bg-c_transparent c_text.primary ring_none trs_all_0.2s focus:bd-c_primary focus:bx-sh_0_0_0_1px_token(colors.primary) disabled:op_0.5 disabled:cursor_not-allowed "
                  data-month="2"
                  data-year="2023"
                  id="2023-February"
                  name="amount"
                  placeholder="0.00"
                  type="number"
                  value="1000"
                />
              </div>
            </div>
          </div>
          <div>
            <p
              class="fs_md fw_normal lh_normal ls_normal m_0 "
            >
              March
            </p>
            <div
              class="d_flex flex-d_column ai_stretch gap_8px w_100%"
            >
              <div
                style="flex-grow: 1; flex-shrink: 1; flex-basis: 0%;"
              >
                <input
                  class="w_100% p_10px_14px fs_sm bdr_sm bd_1px_solid bd-c_border bg-c_transparent c_text.primary ring_none trs_all_0.2s focus:bd-c_primary focus:bx-sh_0_0_0_1px_token(colors.primary) disabled:op_0.5 disabled:cursor_not-allowed "
                  data-month="3"
                  data-year="2023"
                  id="2023-March"
                  name="amount"
                  placeholder="0.00"
                  type="number"
                  value="1000"
                />
              </div>
            </div>
          </div>
          <div>
            <p
              class="fs_md fw_normal lh_normal ls_normal m_0 "
            >
              April
            </p>
            <div
              class="d_flex flex-d_column ai_stretch gap_8px w_100%"
            >
              <div
                style="flex-grow: 1; flex-shrink: 1; flex-basis: 0%;"
              >
                <input
                  class="w_100% p_10px_14px fs_sm bdr_sm bd_1px_solid bd-c_border bg-c_transparent c_text.primary ring_none trs_all_0.2s focus:bd-c_primary focus:bx-sh_0_0_0_1px_token(colors.primary) disabled:op_0.5 disabled:cursor_not-allowed "
                  data-month="4"
                  data-year="2023"
                  id="2023-April"
                  name="amount"
                  placeholder="0.00"
                  type="number"
                  value="1000"
                />
              </div>
            </div>
          </div>
          <div>
            <p
              class="fs_md fw_normal lh_normal ls_normal m_0 "
            >
              May
            </p>
            <div
              class="d_flex flex-d_column ai_stretch gap_8px w_100%"
            >
              <div
                style="flex-grow: 1; flex-shrink: 1; flex-basis: 0%;"
              >
                <input
                  class="w_100% p_10px_14px fs_sm bdr_sm bd_1px_solid bd-c_border bg-c_transparent c_text.primary ring_none trs_all_0.2s focus:bd-c_primary focus:bx-sh_0_0_0_1px_token(colors.primary) disabled:op_0.5 disabled:cursor_not-allowed "
                  data-month="5"
                  data-year="2023"
                  id="2023-May"
                  name="amount"
                  placeholder="0.00"
                  type="number"
                  value="1000"
                />
              </div>
            </div>
          </div>
          <div>
            <p
              class="fs_md fw_normal lh_normal ls_normal m_0 "
            >
              June
            </p>
            <div
              class="d_flex flex-d_column ai_stretch gap_8px w_100%"
            >
              <div
                style="flex-grow: 1; flex-shrink: 1; flex-basis: 0%;"
              >
                <input
                  class="w_100% p_10px_14px fs_sm bdr_sm bd_1px_solid bd-c_border bg-c_transparent c_text.primary ring_none trs_all_0.2s focus:bd-c_primary focus:bx-sh_0_0_0_1px_token(colors.primary) disabled:op_0.5 disabled:cursor_not-allowed "
                  data-month="6"
                  data-year="2023"
                  id="2023-June"
                  name="amount"
                  placeholder="0.00"
                  type="number"
                  value="1000"
                />
              </div>
            </div>
          </div>
          <div>
            <p
              class="fs_md fw_normal lh_normal ls_normal m_0 "
            >
              July
            </p>
            <div
              class="d_flex flex-d_column ai_stretch gap_8px w_100%"
            >
              <div
                style="flex-grow: 1; flex-shrink: 1; flex-basis: 0%;"
              >
                <input
                  class="w_100% p_10px_14px fs_sm bdr_sm bd_1px_solid bd-c_border bg-c_transparent c_text.primary ring_none trs_all_0.2s focus:bd-c_primary focus:bx-sh_0_0_0_1px_token(colors.primary) disabled:op_0.5 disabled:cursor_not-allowed "
                  data-month="7"
                  data-year="2023"
                  id="2023-July"
                  name="amount"
                  placeholder="0.00"
                  type="number"
                  value="1000"
                />
              </div>
            </div>
          </div>
          <div>
            <p
              class="fs_md fw_normal lh_normal ls_normal m_0 "
            >
              August
            </p>
            <div
              class="d_flex flex-d_column ai_stretch gap_8px w_100%"
            >
              <div
                style="flex-grow: 1; flex-shrink: 1; flex-basis: 0%;"
              >
                <input
                  class="w_100% p_10px_14px fs_sm bdr_sm bd_1px_solid bd-c_border bg-c_transparent c_text.primary ring_none trs_all_0.2s focus:bd-c_primary focus:bx-sh_0_0_0_1px_token(colors.primary) disabled:op_0.5 disabled:cursor_not-allowed "
                  data-month="8"
                  data-year="2023"
                  id="2023-August"
                  name="amount"
                  placeholder="0.00"
                  type="number"
                  value="1000"
                />
              </div>
            </div>
          </div>
          <div>
            <p
              class="fs_md fw_normal lh_normal ls_normal m_0 "
            >
              September
            </p>
            <div
              class="d_flex flex-d_column ai_stretch gap_8px w_100%"
            >
              <div
                style="flex-grow: 1; flex-shrink: 1; flex-basis: 0%;"
              >
                <input
                  class="w_100% p_10px_14px fs_sm bdr_sm bd_1px_solid bd-c_border bg-c_transparent c_text.primary ring_none trs_all_0.2s focus:bd-c_primary focus:bx-sh_0_0_0_1px_token(colors.primary) disabled:op_0.5 disabled:cursor_not-allowed "
                  data-month="9"
                  data-year="2023"
                  id="2023-September"
                  name="amount"
                  placeholder="0.00"
                  type="number"
                  value="1000"
                />
              </div>
            </div>
          </div>
          <div>
            <p
              class="fs_md fw_normal lh_normal ls_normal m_0 "
            >
              October
            </p>
            <div
              class="d_flex flex-d_column ai_stretch gap_8px w_100%"
            >
              <div
                style="flex-grow: 1; flex-shrink: 1; flex-basis: 0%;"
              >
                <input
                  class="w_100% p_10px_14px fs_sm bdr_sm bd_1px_solid bd-c_border bg-c_transparent c_text.primary ring_none trs_all_0.2s focus:bd-c_primary focus:bx-sh_0_0_0_1px_token(colors.primary) disabled:op_0.5 disabled:cursor_not-allowed "
                  data-month="10"
                  data-year="2023"
                  id="2023-October"
                  name="amount"
                  placeholder="0.00"
                  type="number"
                  value="1000"
                />
              </div>
            </div>
          </div>
          <div>
            <p
              class="fs_md fw_normal lh_normal ls_normal m_0 "
            >
              November
            </p>
            <div
              class="d_flex flex-d_column ai_stretch gap_8px w_100%"
            >
              <div
                style="flex-grow: 1; flex-shrink: 1; flex-basis: 0%;"
              >
                <input
                  class="w_100% p_10px_14px fs_sm bdr_sm bd_1px_solid bd-c_border bg-c_transparent c_text.primary ring_none trs_all_0.2s focus:bd-c_primary focus:bx-sh_0_0_0_1px_token(colors.primary) disabled:op_0.5 disabled:cursor_not-allowed "
                  data-month="11"
                  data-year="2023"
                  id="2023-November"
                  name="amount"
                  placeholder="0.00"
                  type="number"
                  value="1000"
                />
              </div>
            </div>
          </div>
          <div>
            <p
              class="fs_md fw_normal lh_normal ls_normal m_0 "
            >
              December
            </p>
            <div
              class="d_flex flex-d_column ai_stretch gap_8px w_100%"
            >
              <div
                style="flex-grow: 1; flex-shrink: 1; flex-basis: 0%;"
              >
                <input
                  class="w_100% p_10px_14px fs_sm bdr_sm bd_1px_solid bd-c_border bg-c_transparent c_text.primary ring_none trs_all_0.2s focus:bd-c_primary focus:bx-sh_0_0_0_1px_token(colors.primary) disabled:op_0.5 disabled:cursor_not-allowed "
                  data-month="12"
                  data-year="2023"
                  id="2023-December"
                  name="amount"
                  placeholder="0.00"
                  type="number"
                  value="1000"
                />
              </div>
            </div>
          </div>
        </div>
      </div>
      <div
        class="d_flex flex-d_row gap_12px"
      >
        <button
          class="d_inline-flex ai_center jc_center bdr_full fw_medium trs_all_0.2s cursor_pointer px_4 py_2 fs_xs lh_1 disabled:op_0.5 disabled:cursor_not-allowed focusVisible:ring_2px_solid focusVisible:ring-c_primary focusVisible:ring-o_2px bg_background c_text.primary bd_1px_solid bd-c_border hover:bg_accent hover:c_accent.foreground"
        >
          addPrevYear
        </button>
        <button
          class="d_inline-flex ai_center jc_center bdr_full fw_medium trs_all_0.2s cursor_pointer px_4 py_2 fs_xs lh_1 disabled:op_0.5 disabled:cursor_not-allowed focusVisible:ring_2px_solid focusVisible:ring-c_primary focusVisible:ring-o_2px bg_background c_text.primary bd_1px_solid bd-c_border hover:bg_accent hover:c_accent.foreground"
        >
          addNextYear
        </button>
      </div>
    </div>
  </div>
</body>
`;
