// Vitest Snapshot v1, https://vitest.dev/guide/snapshot.html

exports[`<NavMenu /> > renders as expected when logged in and showAppLink is true 1`] = `
<body>
  <div>
    <div
      class=" "
    >
      <div
        class="d_flex flex-d_row ai_center gap_4 "
      >
        Home
        Accounts
      </div>
    </div>
  </div>
</body>
`;

exports[`<NavMenu /> > renders as expected when not logged in 1`] = `
<body>
  <div>
    <div
      class=" "
    >
      <div
        class="d_flex flex-d_row ai_center gap_4 "
      >
        Home
        Accounts
      </div>
    </div>
  </div>
</body>
`;
