// Vitest Snapshot v1, https://vitest.dev/guide/snapshot.html

exports[`<UserLogin /> > renders as expected when user not logged in 1`] = `
<body>
  <div>
    <div
      class="d_flex flex-d_row ai_center gap_8px "
    >
      <div>
        signUp
      </div>
      <div>
        logIn
      </div>
    </div>
  </div>
</body>
`;
