// Vitest Snapshot v1, https://vitest.dev/guide/snapshot.html

exports[`<SignUp /> > should render as expected 1`] = `
<div>
  <form>
    <div
      class="css-1gnc3qn"
    >
      <div
        class="d_flex flex_column gap_2"
      >
        <label
          for="Email:"
        >
          Email:
        </label>
        <div>
          <div
            class="css-3a3hw0"
          >
            <input
              class="chakra-input css-0"
              id="Email:"
              name="email"
              type="email"
              value=""
            />
          </div>
        </div>
      </div>
      <div
        class="d_flex flex_column gap_2"
      >
        <label
          for="Password:"
        >
          Password:
        </label>
        <div>
          <div
            class="css-3a3hw0"
          >
            <input
              class="chakra-input css-0"
              id="Password:"
              name="password"
              type="password"
              value=""
            />
          </div>
        </div>
      </div>
      <div
        class="css-w98boq"
      >
        <button
          class="chakra-button css-1ltlu47"
          disabled=""
          type="submit"
        >
          signUp
        </button>
      </div>
    </div>
  </form>
</div>
`;
