// Vitest Snapshot v1, https://vitest.dev/guide/snapshot.html

exports[`<AddAccountDialogBtn > should render add account dialog when trigger button is clicked 1`] = `"<body><div><button class="d_inline-flex ai_center jc_center bdr_full fw_medium trs_all_0.2s cursor_pointer px_6 py_3 fs_sm lh_1 disabled:op_0.5 disabled:cursor_not-allowed focusVisible:ring_2px_solid focusVisible:ring-c_primary focusVisible:ring-o_2px bg_background c_text.primary bd_1px_solid bd-c_border hover:bg_accent hover:c_accent.foreground" type="button" aria-haspopup="dialog" aria-expanded="false" data-state="closed">addAccount</button></div></body>"`;
