// Vitest Snapshot v1, https://vitest.dev/guide/snapshot.html

exports[`<EditAccountDialogBtn > should render edit account dialog and call fetcher.submit when delete button is clicked 1`] = `
<body
  data-scroll-locked="1"
  style="pointer-events: none;"
>
  <span
    aria-hidden="true"
    data-aria-hidden="true"
    data-radix-focus-guard=""
    style="opacity: 0; position: fixed; pointer-events: none; outline-color: none; outline-style: none; outline-width: initial;"
    tabindex="0"
  />
  <div
    aria-hidden="true"
    data-aria-hidden="true"
  >
    <button
      aria-controls="radix-_r_3_"
      aria-expanded="true"
      aria-haspopup="dialog"
      class="d_inline-flex ai_center jc_center bdr_full fw_medium trs_all_0.2s cursor_pointer px_6 py_3 fs_sm lh_1 disabled:op_0.5 disabled:cursor_not-allowed focusVisible:ring_2px_solid focusVisible:ring-c_primary focusVisible:ring-o_2px bg_background c_text.primary bd_1px_solid bd-c_border hover:bg_accent hover:c_accent.foreground"
      data-state="open"
      type="button"
    >
      edit
    </button>
  </div>
  <div
    aria-hidden="true"
    class="pos_fixed inset_0 bg-c_rgba(0,_0,_0,_0.6) bkdp_blur(4px) z_50"
    data-aria-hidden="true"
    data-state="open"
    style="pointer-events: auto;"
  />
  <div
    aria-describedby="radix-_r_5_"
    aria-labelledby="radix-_r_4_"
    class="pos_fixed top_50% left_50% trf_translate(-50%,_-50%) bg-c_surface bd_1px_solid bd-c_border bdr_lg bx-sh_0_20px_25px_-5px_rgba(0,_0,_0,_0.3),_0_10px_10px_-5px_rgba(0,_0,_0,_0.2) p_24px w_90vw max-w_480px z_50 ring_none c_text.primary"
    data-state="open"
    id="radix-_r_3_"
    role="dialog"
    style="pointer-events: auto;"
    tabindex="-1"
  >
    <div
      class="mb_20px"
    >
      <h2
        class="fs_xl fw_bold c_text.primary m_0"
        id="radix-_r_4_"
      >
        editAccount
      </h2>
    </div>
    <div
      class="mb_24px"
    >
      <form
        id="123456"
      >
        <div
          class="d_flex flex-d_column gap_4 "
        >
          <div
            class="d_flex flex-d_column ai_stretch gap_8px w_100%"
          >
            <label
              class="fs_sm fw_medium c_text.primary"
              for="Name"
            >
              Name
            </label>
            <div
              style="flex-grow: 1; flex-shrink: 1; flex-basis: 0%;"
            >
              <input
                class="w_100% p_10px_14px fs_sm bdr_sm bd_1px_solid bd-c_border bg-c_transparent c_text.primary ring_none trs_all_0.2s focus:bd-c_primary focus:bx-sh_0_0_0_1px_token(colors.primary) disabled:op_0.5 disabled:cursor_not-allowed "
                id="Name"
                name="name"
                placeholder="accountName"
                value=""
              />
            </div>
          </div>
          <div
            class="d_flex flex-d_column ai_stretch gap_8px w_100%"
          >
            <label
              class="fs_sm fw_medium c_text.primary"
              for="Account Type"
            >
              Account Type
            </label>
            <div
              style="flex-grow: 1; flex-shrink: 1; flex-basis: 0%;"
            >
              <select
                class="w_100% p_10px_14px fs_sm bdr_sm bd_1px_solid bd-c_border bg-c_#20222D c_text.primary ring_none trs_all_0.2s cursor_pointer focus:bd-c_primary focus:bx-sh_0_0_0_1px_token(colors.primary) "
                id="Account Type"
                name="type"
              >
                <option
                  style="background-color: #20222D; color: #ffffff;"
                  value="Current"
                >
                  Current
                </option>
                <option
                  style="background-color: #20222D; color: #ffffff;"
                  value="Saving"
                >
                  Saving
                </option>
                <option
                  style="background-color: #20222D; color: #ffffff;"
                  value="Mortgage"
                >
                  Mortgage
                </option>
                <option
                  style="background-color: #20222D; color: #ffffff;"
                  value="Loan"
                >
                  Loan
                </option>
                <option
                  style="background-color: #20222D; color: #ffffff;"
                  value="Owed"
                >
                  Owed
                </option>
              </select>
            </div>
          </div>
        </div>
      </form>
    </div>
    <div
      class="d_flex jc_space-between ai_center mt_24px gap_16px"
    >
      <div>
        <div
          class="d_flex flex-d_row ai_center gap_8px "
        >
          <button
            class="d_inline-flex ai_center jc_center bdr_full fw_medium trs_all_0.2s cursor_pointer px_6 py_3 fs_sm lh_1 disabled:op_0.5 disabled:cursor_not-allowed focusVisible:ring_2px_solid focusVisible:ring-c_primary focusVisible:ring-o_2px bg_primary c_primary.foreground hover:bg_primary.hover"
          >
            delete
          </button>
        </div>
      </div>
      <div
        class="d_flex flex-d_row ai_center gap_8px "
      >
        <button
          class="d_inline-flex ai_center jc_center bdr_full fw_medium trs_all_0.2s cursor_pointer px_6 py_3 fs_sm lh_1 disabled:op_0.5 disabled:cursor_not-allowed focusVisible:ring_2px_solid focusVisible:ring-c_primary focusVisible:ring-o_2px bg_background c_text.primary bd_1px_solid bd-c_border hover:bg_accent hover:c_accent.foreground"
        >
          close
        </button>
        <button
          class="d_inline-flex ai_center jc_center bdr_full fw_medium trs_all_0.2s cursor_pointer px_6 py_3 fs_sm lh_1 disabled:op_0.5 disabled:cursor_not-allowed focusVisible:ring_2px_solid focusVisible:ring-c_primary focusVisible:ring-o_2px bg_primary c_primary.foreground hover:bg_primary.hover"
          form="123456"
          type="submit"
        >
          save
        </button>
      </div>
    </div>
  </div>
  <span
    aria-hidden="true"
    data-aria-hidden="true"
    data-radix-focus-guard=""
    style="opacity: 0; position: fixed; pointer-events: none; outline-color: none; outline-style: none; outline-width: initial;"
    tabindex="0"
  />
</body>
`;

exports[`<EditAccountDialogBtn > should render edit account dialog when trigger button is clicked 1`] = `"<body><div><button class="d_inline-flex ai_center jc_center bdr_full fw_medium trs_all_0.2s cursor_pointer px_6 py_3 fs_sm lh_1 disabled:op_0.5 disabled:cursor_not-allowed focusVisible:ring_2px_solid focusVisible:ring-c_primary focusVisible:ring-o_2px bg_background c_text.primary bd_1px_solid bd-c_border hover:bg_accent hover:c_accent.foreground" type="button" aria-haspopup="dialog" aria-expanded="false" data-state="closed">edit</button></div></body>"`;
