// Vitest Snapshot v1, https://vitest.dev/guide/snapshot.html

exports[`FLPTabs > renders correctly 1`] = `
<div>
  <div
    data-orientation="horizontal"
    dir="ltr"
  >
    <div
      aria-orientation="horizontal"
      class="d_flex bd-b_1px_solid bd-r_none bd-c_border gap_16px mb_16px flex-d_row"
      data-orientation="horizontal"
      role="tablist"
      style="outline-color: none; outline-style: none; outline-width: initial;"
      tabindex="0"
    >
      <button
        aria-controls="radix-_r_0_-content-tab1"
        aria-selected="true"
        class="p_8px_16px fs_sm fw_medium c_text.muted bg-c_transparent bd_none cursor_pointer trs_color_0.2s,_border-color_0.2s bd-b_2px_solid_transparent bd-r_none [&[data-state='active']]:c_primary [&[data-state='active']]:bd-c_primary hover:c_text.primary"
        data-orientation="horizontal"
        data-radix-collection-item=""
        data-state="active"
        id="radix-_r_0_-trigger-tab1"
        role="tab"
        tabindex="-1"
        type="button"
      >
        Tab 1
      </button>
      <button
        aria-controls="radix-_r_0_-content-tab2"
        aria-selected="false"
        class="p_8px_16px fs_sm fw_medium c_text.muted bg-c_transparent bd_none cursor_pointer trs_color_0.2s,_border-color_0.2s bd-b_2px_solid_transparent bd-r_none [&[data-state='active']]:c_primary [&[data-state='active']]:bd-c_primary hover:c_text.primary"
        data-orientation="horizontal"
        data-radix-collection-item=""
        data-state="inactive"
        id="radix-_r_0_-trigger-tab2"
        role="tab"
        tabindex="-1"
        type="button"
      >
        Tab 2
      </button>
      <button
        aria-controls="radix-_r_0_-content-tab3"
        aria-selected="false"
        class="p_8px_16px fs_sm fw_medium c_text.muted bg-c_transparent bd_none cursor_pointer trs_color_0.2s,_border-color_0.2s bd-b_2px_solid_transparent bd-r_none [&[data-state='active']]:c_primary [&[data-state='active']]:bd-c_primary hover:c_text.primary"
        data-disabled=""
        data-orientation="horizontal"
        data-radix-collection-item=""
        data-state="inactive"
        disabled=""
        id="radix-_r_0_-trigger-tab3"
        role="tab"
        tabindex="-1"
        type="button"
      >
        Tab 3
      </button>
    </div>
    <div
      aria-labelledby="radix-_r_0_-trigger-tab1"
      class="ring_none"
      data-orientation="horizontal"
      data-state="active"
      id="radix-_r_0_-content-tab1"
      role="tabpanel"
      style="animation-duration: 0s;"
      tabindex="0"
    >
      <div>
        Tab content 1
      </div>
    </div>
    <div
      aria-labelledby="radix-_r_0_-trigger-tab2"
      class="ring_none"
      data-orientation="horizontal"
      data-state="inactive"
      hidden=""
      id="radix-_r_0_-content-tab2"
      role="tabpanel"
      tabindex="0"
    />
    <div
      aria-labelledby="radix-_r_0_-trigger-tab3"
      class="ring_none"
      data-orientation="horizontal"
      data-state="inactive"
      hidden=""
      id="radix-_r_0_-content-tab3"
      role="tabpanel"
      tabindex="0"
    />
  </div>
</div>
`;
