// Vitest Snapshot v1, https://vitest.dev/guide/snapshot.html

exports[`<HomeLogo /> > renders as expected 1`] = `
<body>
  <div>
    <div
      class="home-logo"
    >
      <img
        alt="flump logo"
        height="50"
        src="/public/images/flump_logo.png"
        width="50"
      />
    </div>
  </div>
</body>
`;
