// Vitest Snapshot v1, https://vitest.dev/guide/snapshot.html

exports[`<UserLogin /> > renders as expected 1`] = `
<body>
  <div>
    <div
      class="chakra-button__group css-1ind3v2"
      data-orientation="horizontal"
      role="group"
    >
      signUp
      logIn
    </div>
  </div>
</body>
`;
