// Vitest Snapshot v1, https://vitest.dev/guide/snapshot.html

exports[`<UserLogin /> > renders as expected when user not logged in 1`] = `
<body>
  <div>
    <div
      class="chakra-button__group css-1ind3v2"
      data-orientation="horizontal"
      role="group"
    >
      <div>
        signUp
      </div>
      <div>
        logIn
      </div>
    </div>
  </div>
</body>
`;
