// Vitest Snapshot v1, https://vitest.dev/guide/snapshot.html

exports[`<FlpCard /> > it renders a ChakraUI Card component with title as expected 1`] = `
<div
  class="chakra-card pos_relative trs_all_0.3s_ease-in-out bd_1px_solid_token(colors.gray.500)! [&:hover]:bx-sh_2px_5px_8px_0px_token(colors.gray.500)! [&:hover]:trf_translate3d(-2px,_-5px,_-5px) [&:hover]:cursor_pointer css-2dlz7"
  title="FLPCard"
/>
`;
