// Vitest Snapshot v1, https://vitest.dev/guide/snapshot.html

exports[`<FlpCard /> > it renders a ChakraUI Card component with title as expected 1`] = `
<div
  class="pos_relative trs_all_0.3s_ease-in-out bd_1px_solid bd-c_border bdr_lg bg-c_card c_card.foreground p_5 d_flex flex-d_column [&:hover]:bx-sh_0_10px_20px_rgba(0,_0,_0,_0.15)! [&:hover]:trf_translate3d(-2px,_-4px,_0) "
  title="FLPCard"
/>
`;
