// Vitest Snapshot v1, https://vitest.dev/guide/snapshot.html

exports[`FLPButtonGroup > renders as expected 1`] = `
<div>
  <div
    class="d_flex flex-d_row ai_center gap_8px "
  >
    <button
      class="d_inline-flex ai_center jc_center bdr_full fw_medium trs_all_0.2s cursor_pointer px_6 py_3 fs_sm lh_1 disabled:op_0.5 disabled:cursor_not-allowed focusVisible:ring_2px_solid focusVisible:ring-c_primary focusVisible:ring-o_2px bg_primary c_primary.foreground hover:bg_primary.hover"
    >
      Button 1
    </button>
    <button
      class="d_inline-flex ai_center jc_center bdr_full fw_medium trs_all_0.2s cursor_pointer px_6 py_3 fs_sm lh_1 disabled:op_0.5 disabled:cursor_not-allowed focusVisible:ring_2px_solid focusVisible:ring-c_primary focusVisible:ring-o_2px bg_primary c_primary.foreground hover:bg_primary.hover"
    >
      Button 2
    </button>
  </div>
</div>
`;
