// Vitest Snapshot v1, https://vitest.dev/guide/snapshot.html

exports[`<EditAccountDialogBtn > should render edit account dialog and call supabase.delete when delete button is clicked 1`] = `
<body
  data-inert=""
  data-scroll-lock=""
  style="overflow: hidden; padding-right: 1024px; pointer-events: none;"
>
  <div
    aria-hidden="true"
    data-aria-hidden="true"
  >
    <script
      nonce=""
    >
      ((e,r,s,u,d,m,l,h)=&gt;
      {let c=document.documentElement,v=["light","dark"];function p(i){(Array.isArray(e)?e:[e]).forEach(y=&gt;
      {let k=y==="class",S=k&&m?d.map(f=&gt;
      m[f]||f):d;k?(c.classList.remove(...S),c.classList.add(i)):c.setAttribute(y,i)}),R(i)}function R(i){h&&v.includes(i)&&(c.style.colorScheme=i)}function a(){return window.matchMedia("(prefers-color-scheme: dark)").matches?"dark":"light"}if(u)p(u);else try{let i=localStorage.getItem(r)||s,y=l&&i==="system"?a():i;p(y)}catch(i){}})("class","theme","system",null,["light","dark"],null,true,true)
    </script>
    <div
      class="chakra-dialog__backdrop css-1yl0dyg"
      data-part="backdrop"
      data-scope="dialog"
      data-state="open"
      dir="ltr"
      id="dialog::r2::backdrop"
    />
    <button
      aria-controls="dialog::r2::content"
      aria-expanded="true"
      aria-haspopup="dialog"
      class="chakra-dialog__trigger css-0"
      data-part="trigger"
      data-scope="dialog"
      data-state="open"
      dir="ltr"
      id="dialog::r2::trigger"
      type="button"
    >
      <button
        class="chakra-button css-guww8o"
        type="button"
      >
        edit
      </button>
    </button>
  </div>
  <div
    aria-hidden="true"
    class="chakra-dialog__backdrop css-1yl0dyg"
    data-aria-hidden="true"
    data-part="backdrop"
    data-scope="dialog"
    data-state="open"
    dir="ltr"
    id="dialog::r2::backdrop"
  />
  <div
    class="chakra-dialog__positioner css-1jvjqyi"
    data-part="positioner"
    data-scope="dialog"
    dir="ltr"
    id="dialog::r2::positioner"
  >
    <div
      aria-labelledby="dialog::r2::title"
      aria-modal="true"
      class="chakra-dialog__content css-q8cgdz"
      data-part="content"
      data-scope="dialog"
      data-state="open"
      dir="ltr"
      id="dialog::r2::content"
      role="dialog"
      style="--layer-index: 1; pointer-events: auto;"
      tabindex="-1"
    >
      <div
        class="chakra-dialog__header css-1rldt0e"
      >
        <h2
          class="chakra-dialog__title css-1ka0vat"
          data-part="title"
          data-scope="dialog"
          dir="ltr"
          id="dialog::r2::title"
        >
          editAccount
        </h2>
      </div>
      <div
        class="chakra-dialog__body css-aphhdw"
      >
        <form>
          <div
            class="css-1nkdwiq"
          >
            <div
              class="d_flex flex-d_column gap_2"
            >
              <label
                for="Name"
              >
                Name
              </label>
              <div>
                <div
                  class="css-1op6ogi"
                >
                  <input
                    class="chakra-input css-1145hk9"
                    id="Name"
                    name="name"
                    placeholder="accountName"
                    value=""
                  />
                </div>
              </div>
            </div>
            <div
              class="d_flex flex-d_column gap_2"
            >
              <div
                class="chakra-select__root css-1tw36de"
                data-part="root"
                data-scope="select"
                dir="ltr"
                id="select::r3:"
              >
                <label
                  class="chakra-select__label css-p3rj3s"
                  data-part="label"
                  data-scope="select"
                  dir="ltr"
                  for="Account Type"
                  id="select::r3::label"
                >
                  Account Type
                </label>
                <div
                  class="chakra-select__control css-17j1053"
                  data-part="control"
                  data-scope="select"
                  data-state="closed"
                  dir="ltr"
                  id="select::r3::control"
                >
                  <button
                    aria-controls="select::r3::content"
                    aria-expanded="false"
                    aria-haspopup="listbox"
                    aria-labelledby="select::r3::label"
                    class="chakra-select__trigger css-1ilznyv"
                    data-part="trigger"
                    data-scope="select"
                    data-state="closed"
                    dir="ltr"
                    id="select::r3::trigger"
                    role="combobox"
                    type="button"
                  >
                    <span
                      class="chakra-select__valueText css-176t9sc"
                      data-part="value-text"
                      data-scope="select"
                      dir="ltr"
                    >
                      Current
                    </span>
                  </button>
                  <div
                    class="chakra-select__indicatorGroup css-1xvjckd"
                  >
                    <div
                      aria-hidden="true"
                      class="chakra-select__indicator css-1atg1ut"
                      data-part="indicator"
                      data-scope="select"
                      data-state="closed"
                      dir="ltr"
                    >
                      <svg
                        class="css-s3mb0o"
                        viewBox="0 0 24 24"
                      >
                        <path
                          d="m6 9 6 6 6-6"
                        />
                      </svg>
                    </div>
                  </div>
                </div>
              </div>
            </div>
          </div>
        </form>
      </div>
      <div
        class="chakra-dialog__footer css-1heqefg"
      >
        <div
          class="css-6l0f26"
        >
          <button
            class="chakra-button css-f5hpgl"
            data-first=""
            data-group-item=""
            data-last=""
            style="--group-count: 1; --group-index: 0;"
            type="button"
          >
            delete
          </button>
        </div>
        <div
          class="css-6l0f26"
        >
          <button
            class="chakra-button css-1wffpj8"
            data-first=""
            data-group-item=""
            style="--group-count: 2; --group-index: 0;"
            type="button"
          >
            close
          </button>
          <button
            class="chakra-button css-1fwa16t"
            data-group-item=""
            data-last=""
            form="123456"
            style="--group-count: 2; --group-index: 1;"
            type="submit"
          >
            save
          </button>
        </div>
        <button
          aria-label="Close"
          class="chakra-button chakra-dialog__closeTrigger css-tz8np1"
          data-part="close-trigger"
          data-scope="dialog"
          dir="ltr"
          id="dialog::r2::close"
          type="button"
        >
          <svg
            fill="none"
            height="1em"
            stroke="currentColor"
            stroke-linecap="round"
            stroke-linejoin="round"
            stroke-width="2"
            viewBox="0 0 24 24"
            width="1em"
            xmlns="http://www.w3.org/2000/svg"
          >
            <path
              d="M18 6 6 18"
            />
            <path
              d="m6 6 12 12"
            />
          </svg>
        </button>
      </div>
      <div
        class="chakra-select__positioner css-0"
        data-part="positioner"
        data-scope="select"
        dir="ltr"
        id="select::r3::positioner"
        style="position: absolute; isolation: isolate; min-width: max-content; top: 0px; left: 0px; transform: translate3d(0, -100vh, 0); z-index: var(--z-index);"
      >
        <div
          aria-labelledby="select::r3::label"
          class="chakra-select__content css-1ag9z1i"
          data-part="content"
          data-scope="select"
          data-state="closed"
          dir="ltr"
          hidden=""
          id="select::r3::content"
          role="listbox"
          tabindex="0"
        >
          <div
            aria-selected="true"
            class="chakra-select__item css-5sbkxs"
            data-part="item"
            data-scope="select"
            data-state="checked"
            data-value="Current"
            dir="ltr"
            id="select::r3::option:Current"
            role="option"
          >
            Current
            <div
              aria-hidden="true"
              class="chakra-select__itemIndicator css-0"
              data-part="item-indicator"
              data-scope="select"
              data-state="checked"
            >
              <svg
                class="css-s3mb0o"
                viewBox="0 0 24 24"
              >
                <path
                  d="M20 6 9 17l-5-5"
                />
              </svg>
            </div>
          </div>
          <div
            aria-selected="false"
            class="chakra-select__item css-5sbkxs"
            data-part="item"
            data-scope="select"
            data-state="unchecked"
            data-value="Saving"
            dir="ltr"
            id="select::r3::option:Saving"
            role="option"
          >
            Saving
            <div
              aria-hidden="true"
              class="chakra-select__itemIndicator css-0"
              data-part="item-indicator"
              data-scope="select"
              data-state="unchecked"
              hidden=""
            >
              <svg
                class="css-s3mb0o"
                viewBox="0 0 24 24"
              >
                <path
                  d="M20 6 9 17l-5-5"
                />
              </svg>
            </div>
          </div>
          <div
            aria-selected="false"
            class="chakra-select__item css-5sbkxs"
            data-part="item"
            data-scope="select"
            data-state="unchecked"
            data-value="Mortgage"
            dir="ltr"
            id="select::r3::option:Mortgage"
            role="option"
          >
            Mortgage
            <div
              aria-hidden="true"
              class="chakra-select__itemIndicator css-0"
              data-part="item-indicator"
              data-scope="select"
              data-state="unchecked"
              hidden=""
            >
              <svg
                class="css-s3mb0o"
                viewBox="0 0 24 24"
              >
                <path
                  d="M20 6 9 17l-5-5"
                />
              </svg>
            </div>
          </div>
          <div
            aria-selected="false"
            class="chakra-select__item css-5sbkxs"
            data-part="item"
            data-scope="select"
            data-state="unchecked"
            data-value="Loan"
            dir="ltr"
            id="select::r3::option:Loan"
            role="option"
          >
            Loan
            <div
              aria-hidden="true"
              class="chakra-select__itemIndicator css-0"
              data-part="item-indicator"
              data-scope="select"
              data-state="unchecked"
              hidden=""
            >
              <svg
                class="css-s3mb0o"
                viewBox="0 0 24 24"
              >
                <path
                  d="M20 6 9 17l-5-5"
                />
              </svg>
            </div>
          </div>
          <div
            aria-selected="false"
            class="chakra-select__item css-5sbkxs"
            data-part="item"
            data-scope="select"
            data-state="unchecked"
            data-value="Owed"
            dir="ltr"
            id="select::r3::option:Owed"
            role="option"
          >
            Owed
            <div
              aria-hidden="true"
              class="chakra-select__itemIndicator css-0"
              data-part="item-indicator"
              data-scope="select"
              data-state="unchecked"
              hidden=""
            >
              <svg
                class="css-s3mb0o"
                viewBox="0 0 24 24"
              >
                <path
                  d="M20 6 9 17l-5-5"
                />
              </svg>
            </div>
          </div>
        </div>
      </div>
    </div>
  </div>
</body>
`;

exports[`<EditAccountDialogBtn > should render edit account dialog when trigger button is clicked 1`] = `"<body><div><script nonce="">((e,r,s,u,d,m,l,h)=>{let c=document.documentElement,v=["light","dark"];function p(i){(Array.isArray(e)?e:[e]).forEach(y=>{let k=y==="class",S=k&&m?d.map(f=>m[f]||f):d;k?(c.classList.remove(...S),c.classList.add(i)):c.setAttribute(y,i)}),R(i)}function R(i){h&&v.includes(i)&&(c.style.colorScheme=i)}function a(){return window.matchMedia("(prefers-color-scheme: dark)").matches?"dark":"light"}if(u)p(u);else try{let i=localStorage.getItem(r)||s,y=l&&i==="system"?a():i;p(y)}catch(i){}})("class","theme","system",null,["light","dark"],null,true,true)</script><button data-scope="dialog" data-part="trigger" dir="ltr" id="dialog::r0::trigger" aria-haspopup="dialog" type="button" aria-expanded="false" data-state="closed" class="chakra-dialog__trigger css-0"><button type="button" class="chakra-button css-guww8o">edit</button></button></div></body>"`;
